// Jest Snapshot v1, https://goo.gl/fbAQLP

exports[`snapshot_1 1`] = `
<input
  className="sc-bxivhb isuOqO"
  onChange={undefined}
  placeholder="foo"
  type="number"
  value=""
/>
`;
