// Jest Snapshot v1, https://goo.gl/fbAQLP

exports[`Nature Component should render the natures 1`] = `
<div
  className="sc-ifAKCX kwKGvC"
/>
`;
